> Task :app:clean
> Task :app:preBuild UP-TO-DATE
> Task :app:preDebugBuild UP-TO-DATE
> Task :app:mergeDebugNativeDebugMetadata NO-SOURCE
> Task :app:checkKotlinGradlePluginConfigurationErrors SKIPPED
> Task :app:processDebugNavigationResources
> Task :app:checkDebugAarMetadata
> Task :app:generateDebugResValues
> Task :app:compileDebugNavigationResources
> Task :app:mapDebugSourceSetPaths
> Task :app:generateDebugResources
> Task :app:packageDebugResources
> Task :app:createDebugCompatibleScreenManifests
> Task :app:extractDeepLinksDebug
> Task :app:parseDebugLocalResources
> Task :app:mergeDebugResources
> Task :app:processDebugMainManifest
> Task :app:processDebugManifest
> Task :app:javaPreCompileDebug
> Task :app:mergeDebugShaders
> Task :app:compileDebugShaders NO-SOURCE
> Task :app:generateDebugAssets UP-TO-DATE
> Task :app:mergeDebugAssets
> Task :app:processDebugManifestForPackage
> Task :app:compressDebugAssets
> Task :app:desugarDebugFileDependencies
> Task :app:mergeDebugJniLibFolders
> Task :app:mergeDebugNativeLibs
> Task :app:checkDebugDuplicateClasses
> Task :app:validateSigningDebug
> Task :app:mergeLibDexDebug
> Task :app:writeDebugAppMetadata

> Task :app:stripDebugDebugSymbols
Unable to strip the following libraries, packaging them as they are: libandroidx.graphics.path.so. Run with --info option to learn more.

> Task :app:writeDebugSigningConfigVersions
> Task :app:preReleaseBuild UP-TO-DATE
> Task :app:mergeReleaseJniLibFolders
> Task :app:mergeReleaseNativeLibs

> Task :app:stripReleaseDebugSymbols
Unable to strip the following libraries, packaging them as they are: libandroidx.graphics.path.so. Run with --info option to learn more.

> Task :app:checkReleaseDuplicateClasses
> Task :app:buildKotlinToolingMetadata
> Task :app:extractReleaseNativeSymbolTables
> Task :app:mergeReleaseNativeDebugMetadata NO-SOURCE
> Task :app:checkReleaseAarMetadata
> Task :app:processReleaseNavigationResources
> Task :app:generateReleaseResValues
> Task :app:compileReleaseNavigationResources
> Task :app:mapReleaseSourceSetPaths
> Task :app:generateReleaseResources
> Task :app:processDebugResources
> Task :app:mergeReleaseResources
> Task :app:packageReleaseResources
> Task :app:createReleaseCompatibleScreenManifests
> Task :app:extractDeepLinksRelease
> Task :app:parseReleaseLocalResources
> Task :app:processReleaseMainManifest
> Task :app:processReleaseManifest
> Task :app:javaPreCompileRelease
> Task :app:processReleaseManifestForPackage
> Task :app:desugarReleaseFileDependencies
> Task :app:mergeReleaseStartupProfile UP-TO-DATE
> Task :app:mergeReleaseShaders
> Task :app:compileReleaseShaders NO-SOURCE
> Task :app:generateReleaseAssets UP-TO-DATE
> Task :app:mergeReleaseArtProfile
> Task :app:mergeReleaseAssets
> Task :app:compressReleaseAssets
> Task :app:extractReleaseVersionControlInfo
> Task :app:extractProguardFiles
> Task :app:collectReleaseDependencies
> Task :app:sdkReleaseDependencyData
> Task :app:writeReleaseAppMetadata
> Task :app:writeReleaseSigningConfigVersions
> Task :app:preDebugAndroidTestBuild SKIPPED
> Task :app:generateDebugAndroidTestResValues
> Task :app:preDebugUnitTestBuild UP-TO-DATE
> Task :app:preReleaseUnitTestBuild UP-TO-DATE
> Task :app:javaPreCompileDebugUnitTest
> Task :app:javaPreCompileReleaseUnitTest
> Task :app:processReleaseResources
> Task :app:optimizeReleaseResources

> Task :app:compileDebugKotlin
.\gradlew.bat : e: file:///C:/Users/hp/Downloads/FocusGuardian/focusguardian3/a
pp/src/main/java/com/example/focusguardian/kt/NavGraph.kt:111:48 No value 
passed for parameter 'userViewModel'.
At line:1 char:57
+ ... guardian3 ; .\gradlew.bat clean build 2>&1 > build_output.log ; echo  ...
+                 ~~~~~~~~~~~~~~~~~~~~~~~~~~~~~~~~~~~~~~~~~~~~~~~~~
    + CategoryInfo          : NotSpecified: (e: file:///C:/U...userViewModel'. 
   :String) [], RemoteException
    + FullyQualifiedErrorId : NativeCommandError
 
e: file:///C:/Users/hp/Downloads/FocusGuardian/focusguardian3/app/src/main/java
/com/example/focusguardian/ui/theme/screens/DashboardScreen.kt:52:27 
Unresolved reference 'userId'.
e: file:///C:/Users/hp/Downloads/FocusGuardian/focusguardian3/app/src/main/java
/com/example/focusguardian/ui/theme/screens/DashboardScreen.kt:52:35 Cannot 
infer type for this parameter. Please specify it explicitly.
e: file:///C:/Users/hp/Downloads/FocusGuardian/focusguardian3/app/src/main/java
/com/example/focusguardian/ui/theme/screens/DashboardScreen.kt:52:41 Cannot 
infer type for this parameter. Please specify it explicitly.
e: file:///C:/Users/hp/Downloads/FocusGuardian/focusguardian3/app/src/main/java
/com/example/focusguardian/ui/theme/screens/DashboardScreen.kt:136:55 
Unresolved reference 'TIME_USED'.
e: file:///C:/Users/hp/Downloads/FocusGuardian/focusguardian3/app/src/main/java
/com/example/focusguardian/ui/theme/screens/LoginScreen.kt:184:1 Syntax error: 
Expecting an element.
e: file:///C:/Users/hp/Downloads/FocusGuardian/focusguardian3/app/src/main/java
/com/example/focusguardian/ui/theme/screens/LoginScreen.kt:184:2 Syntax error: 
Unexpected tokens (use ';' to separate expressions on the same line).
e: file:///C:/Users/hp/Downloads/FocusGuardian/focusguardian3/app/src/main/java
/com/example/focusguardian/ui/theme/screens/LoginScreen.kt:185:1 Syntax error: 
Expecting an element.
e: file:///C:/Users/hp/Downloads/FocusGuardian/focusguardian3/app/src/main/java
/com/example/focusguardian/ui/theme/screens/LoginScreen.kt:185:4 Syntax error: 
Unexpected tokens (use ';' to separate expressions on the same line).
e: file:///C:/Users/hp/Downloads/FocusGuardian/focusguardian3/app/src/main/java
/com/example/focusguardian/ui/theme/screens/LoginScreen.kt:190:23 Unresolved 
reference 'Calendar'.
e: file:///C:/Users/hp/Downloads/FocusGuardian/focusguardian3/app/src/main/java
/com/example/focusguardian/ui/theme/screens/LoginScreen.kt:190:50 Unresolved 
reference 'Calendar'.
e: file:///C:/Users/hp/Downloads/FocusGuardian/focusguardian3/app/src/main/java
/com/example/focusguardian/ui/theme/screens/LoginScreen.kt:195:1 Syntax error: 
Expecting an element.
e: file:///C:/Users/hp/Downloads/FocusGuardian/focusguardian3/app/src/main/java
/com/example/focusguardian/ui/theme/screens/LoginScreen.kt:195:2 Syntax error: 
Unexpected tokens (use ';' to separate expressions on the same line).
e: file:///C:/Users/hp/Downloads/FocusGuardian/focusguardian3/app/src/main/java
/com/example/focusguardian/ui/theme/screens/LoginScreen.kt:218:1 Syntax error: 
Expecting an element.
e: file:///C:/Users/hp/Downloads/FocusGuardian/focusguardian3/app/src/main/java
/com/example/focusguardian/ui/theme/screens/LoginScreen.kt:218:2 Syntax error: 
Unexpected tokens (use ';' to separate expressions on the same line).
e: file:///C:/Users/hp/Downloads/FocusGuardian/focusguardian3/app/src/main/java
/com/example/focusguardian/ui/theme/screens/LoginScreen.kt:220:1 Syntax error: 
Expecting an element.
e: file:///C:/Users/hp/Downloads/FocusGuardian/focusguardian3/app/src/main/java
/com/example/focusguardian/ui/theme/screens/LoginScreen.kt:220:4 Syntax error: 
Unexpected tokens (use ';' to separate expressions on the same line).
e: file:///C:/Users/hp/Downloads/FocusGuardian/focusguardian3/app/src/main/java
/com/example/focusguardian/ui/theme/screens/LoginScreen.kt:222:1 Syntax error: 
Expecting an element.
e: file:///C:/Users/hp/Downloads/FocusGuardian/focusguardian3/app/src/main/java
/com/example/focusguardian/ui/theme/screens/LoginScreen.kt:222:2 Syntax error: 
Unexpected tokens (use ';' to separate expressions on the same line).
e: file:///C:/Users/hp/Downloads/FocusGuardian/focusguardian3/app/src/main/java
/com/example/focusguardian/ui/theme/screens/LoginScreen.kt:225:10 Syntax 
error: Unexpected tokens (use ';' to separate expressions on the same line).
e: file:///C:/Users/hp/Downloads/FocusGuardian/focusguardian3/app/src/main/java
/com/example/focusguardian/ui/theme/screens/LoginScreen.kt:226:9 Unresolved 
reference 'dismissButton'.
e: file:///C:/Users/hp/Downloads/FocusGuardian/focusguardian3/app/src/main/java
/com/example/focusguardian/ui/theme/screens/LoginScreen.kt:227:13 @Composable 
invocations can only happen from the context of a @Composable function
e: file:///C:/Users/hp/Downloads/FocusGuardian/focusguardian3/app/src/main/java
/com/example/focusguardian/ui/theme/screens/LoginScreen.kt:231:5 Syntax error: 
Expecting an element.
e: file:///C:/Users/hp/Downloads/FocusGuardian/focusguardian3/app/src/main/java
/com/example/focusguardian/ui/theme/screens/LoginScreen.kt:232:2 Syntax error: 
Expecting ')'.
e: file:///C:/Users/hp/Downloads/FocusGuardian/focusguardian3/app/src/main/java
/com/example/focusguardian/ui/theme/screens/SplashScreen.kt:58:1 Syntax error: 
Expecting an expression.
e: file:///C:/Users/hp/Downloads/FocusGuardian/focusguardian3/app/src/main/java
/com/example/focusguardian/ui/theme/screens/SplashScreen.kt:58:1 Syntax error: 
Expecting ')'.
e: file:///C:/Users/hp/Downloads/FocusGuardian/focusguardian3/app/src/main/java
/com/example/focusguardian/ui/theme/screens/SplashScreen.kt:58:2 Unresolved 
reference 'compareTo'.
e: file:///C:/Users/hp/Downloads/FocusGuardian/focusguardian3/app/src/main/java
/com/example/focusguardian/ui/theme/screens/SplashScreen.kt:58:3 Syntax error: 
Expecting an element.
e: file:///C:/Users/hp/Downloads/FocusGuardian/focusguardian3/app/src/main/java
/com/example/focusguardian/ui/theme/screens/SplashScreen.kt:58:5 Syntax error: 
Expecting an element.
e: file:///C:/Users/hp/Downloads/FocusGuardian/focusguardian3/app/src/main/java
/com/example/focusguardian/ui/theme/screens/SplashScreen.kt:58:7 Syntax error: 
Expecting an element.
e: file:///C:/Users/hp/Downloads/FocusGuardian/focusguardian3/app/src/main/java
/com/example/focusguardian/ui/theme/screens/SplashScreen.kt:58:9 Syntax error: 
Unexpected tokens (use ';' to separate expressions on the same line).
e: file:///C:/Users/hp/Downloads/FocusGuardian/focusguardian3/app/src/main/java
/com/example/focusguardian/ui/theme/screens/SplashScreen.kt:59:9 Unresolved 
reference 'modifier'.
e: file:///C:/Users/hp/Downloads/FocusGuardian/focusguardian3/app/src/main/java
/com/example/focusguardian/ui/theme/screens/SplashScreen.kt:61:14 None of the 
following candidates is applicable:
fun Modifier.background(color: Color, shape: Shape = ...): Modifier
fun Modifier.background(brush: Brush, shape: Shape = ..., alpha: Float = ...): 
Modifier
e: file:///C:/Users/hp/Downloads/FocusGuardian/focusguardian3/app/src/main/java
/com/example/focusguardian/ui/theme/screens/SplashScreen.kt:63:1 Syntax error: 
Expecting an expression.
e: file:///C:/Users/hp/Downloads/FocusGuardian/focusguardian3/app/src/main/java
/com/example/focusguardian/ui/theme/screens/SplashScreen.kt:63:1 Syntax error: 
Expecting ')'.
e: file:///C:/Users/hp/Downloads/FocusGuardian/focusguardian3/app/src/main/java
/com/example/focusguardian/ui/theme/screens/SplashScreen.kt:63:2 'operator' 
modifier is required on 'FirNamedFunctionSymbol kotlin/text/compareTo' in 
'compareTo'.
e: file:///C:/Users/hp/Downloads/FocusGuardian/focusguardian3/app/src/main/java
/com/example/focusguardian/ui/theme/screens/SplashScreen.kt:63:3 Syntax error: 
Expecting an element.
e: file:///C:/Users/hp/Downloads/FocusGuardian/focusguardian3/app/src/main/java
/com/example/focusguardian/ui/theme/screens/SplashScreen.kt:63:5 Syntax error: 
Expecting an element.
e: file:///C:/Users/hp/Downloads/FocusGuardian/focusguardian3/app/src/main/java
/com/example/focusguardian/ui/theme/screens/SplashScreen.kt:63:7 Syntax error: 
Expecting an element.
e: file:///C:/Users/hp/Downloads/FocusGuardian/focusguardian3/app/src/main/java
/com/example/focusguardian/ui/theme/screens/SplashScreen.kt:63:9 Unresolved 
reference 'HEAD'.
e: file:///C:/Users/hp/Downloads/FocusGuardian/focusguardian3/app/src/main/java
/com/example/focusguardian/ui/theme/screens/SplashScreen.kt:66:13 Syntax 
error: Expecting an element.
e: file:///C:/Users/hp/Downloads/FocusGuardian/focusguardian3/app/src/main/java
/com/example/focusguardian/ui/theme/screens/SplashScreen.kt:66:14 Syntax 
error: Unexpected tokens (use ';' to separate expressions on the same line).
e: file:///C:/Users/hp/Downloads/FocusGuardian/focusguardian3/app/src/main/java
/com/example/focusguardian/ui/theme/screens/SplashScreen.kt:67:9 Unresolved 
reference 'horizontalAlignment'.
e: file:///C:/Users/hp/Downloads/FocusGuardian/focusguardian3/app/src/main/java
/com/example/focusguardian/ui/theme/screens/SplashScreen.kt:67:59 Syntax 
error: Unexpected tokens (use ';' to separate expressions on the same line).
e: file:///C:/Users/hp/Downloads/FocusGuardian/focusguardian3/app/src/main/java
/com/example/focusguardian/ui/theme/screens/SplashScreen.kt:68:9 Unresolved 
reference 'verticalArrangement'.
e: file:///C:/Users/hp/Downloads/FocusGuardian/focusguardian3/app/src/main/java
/com/example/focusguardian/ui/theme/screens/SplashScreen.kt:69:5 Syntax error: 
Expecting an element.
e: file:///C:/Users/hp/Downloads/FocusGuardian/focusguardian3/app/src/main/java
/com/example/focusguardian/ui/theme/screens/SplashScreen.kt:71:9 Unresolved 
reference 'Spacer'.
e: file:///C:/Users/hp/Downloads/FocusGuardian/focusguardian3/app/src/main/java
/com/example/focusguardian/ui/theme/screens/SplashScreen.kt:71:25 Unresolved 
reference 'height'.
e: file:///C:/Users/hp/Downloads/FocusGuardian/focusguardian3/app/src/main/java
/com/example/focusguardian/ui/theme/screens/SplashScreen.kt:73:9 @Composable 
invocations can only happen from the context of a @Composable function
e: file:///C:/Users/hp/Downloads/FocusGuardian/focusguardian3/app/src/main/java
/com/example/focusguardian/ui/theme/screens/SplashScreen.kt:79:13 Unresolved 
reference 'Spacer'.
e: file:///C:/Users/hp/Downloads/FocusGuardian/focusguardian3/app/src/main/java
/com/example/focusguardian/ui/theme/screens/SplashScreen.kt:79:29 Unresolved 
reference 'height'.
e: file:///C:/Users/hp/Downloads/FocusGuardian/focusguardian3/app/src/main/java
/com/example/focusguardian/ui/theme/screens/SplashScreen.kt:84:9 Unresolved 
reference 'Button'.
e: file:///C:/Users/hp/Downloads/FocusGuardian/focusguardian3/app/src/main/java
/com/example/focusguardian/ui/theme/screens/SplashScreen.kt:85:23 Unresolved 
reference 'onGetStarted'.
e: file:///C:/Users/hp/Downloads/FocusGuardian/focusguardian3/app/src/main/java
/com/example/focusguardian/ui/theme/screens/SplashScreen.kt:87:18 Unresolved 
reference 'fillMaxWidth'.
e: file:///C:/Users/hp/Downloads/FocusGuardian/focusguardian3/app/src/main/java
/com/example/focusguardian/ui/theme/screens/SplashScreen.kt:90:13 @Composable 
invocations can only happen from the context of a @Composable function
e: file:///C:/Users/hp/Downloads/FocusGuardian/focusguardian3/app/src/main/java
/com/example/focusguardian/ui/theme/screens/SplashScreen.kt:91:1 Syntax error: 
Expecting an element.
e: file:///C:/Users/hp/Downloads/FocusGuardian/focusguardian3/app/src/main/java
/com/example/focusguardian/ui/theme/screens/SplashScreen.kt:91:4 Syntax error: 
Unexpected tokens (use ';' to separate expressions on the same line).
e: file:///C:/Users/hp/Downloads/FocusGuardian/focusguardian3/app/src/main/java
/com/example/focusguardian/ui/theme/screens/SplashScreen.kt:96:17 Syntax 
error: Expecting an element.
e: file:///C:/Users/hp/Downloads/FocusGuardian/focusguardian3/app/src/main/java
/com/example/focusguardian/ui/theme/screens/SplashScreen.kt:97:13 Syntax 
error: Expecting an element.
e: file:///C:/Users/hp/Downloads/FocusGuardian/focusguardian3/app/src/main/java
/com/example/focusguardian/ui/theme/screens/SplashScreen.kt:97:14 Syntax 
error: Unexpected tokens (use ';' to separate expressions on the same line).
e: file:///C:/Users/hp/Downloads/FocusGuardian/focusguardian3/app/src/main/java
/com/example/focusguardian/ui/theme/screens/SplashScreen.kt:98:9 Unresolved 
reference 'contentAlignment'.
e: file:///C:/Users/hp/Downloads/FocusGuardian/focusguardian3/app/src/main/java
/com/example/focusguardian/ui/theme/screens/SplashScreen.kt:99:5 Syntax error: 
Expecting an element.
e: file:///C:/Users/hp/Downloads/FocusGuardian/focusguardian3/app/src/main/java
/com/example/focusguardian/ui/theme/screens/SplashScreen.kt:100:9 @Composable 
invocations can only happen from the context of a @Composable function
e: file:///C:/Users/hp/Downloads/FocusGuardian/focusguardian3/app/src/main/java
/com/example/focusguardian/ui/theme/screens/SplashScreen.kt:123:1 Syntax 
error: Expecting an element.
e: file:///C:/Users/hp/Downloads/FocusGuardian/focusguardian3/app/src/main/java
/com/example/focusguardian/ui/theme/screens/SplashScreen.kt:123:2 Syntax 
error: Unexpected tokens (use ';' to separate expressions on the same line).
e: file:///C:/Users/hp/Downloads/FocusGuardian/focusguardian3/app/src/main/java
/com/example/focusguardian/ui/theme/screens/SplashScreen.kt:126:2 Syntax 
error: Expecting '}'.
e: file:///C:/Users/hp/Downloads/FocusGuardian/focusguardian3/app/src/main/java
/com/example/focusguardian/viewmodel/AppUsageViewModel.kt:88:44 Unresolved 
reference 'label'.
e: file:///C:/Users/hp/Downloads/FocusGuardian/focusguardian3/app/src/main/java
/com/example/focusguardian/viewmodel/AppUsageViewModel.kt:89:79 Unresolved 
reference 'label'.
e: file:///C:/Users/hp/Downloads/FocusGuardian/focusguardian3/app/src/main/java
/com/example/focusguardian/viewmodel/AppUsageViewModel.kt:317:17 No parameter 
with name 'packageName' found.
e: file:///C:/Users/hp/Downloads/FocusGuardian/focusguardian3/app/src/main/java
/com/example/focusguardian/viewmodel/AppUsageViewModel.kt:318:17 No parameter 
with name 'label' found.
e: file:///C:/Users/hp/Downloads/FocusGuardian/focusguardian3/app/src/main/java
/com/example/focusguardian/viewmodel/AppUsageViewModel.kt:320:17 No value 
passed for parameter 'name'.
e: file:///C:/Users/hp/Downloads/FocusGuardian/focusguardian3/app/src/main/java
/com/example/focusguardian/viewmodel/AppUsageViewModel.kt:350:46 Unresolved 
reference 'packageName'.
e: file:///C:/Users/hp/Downloads/FocusGuardian/focusguardian3/app/src/main/java
/com/example/focusguardian/viewmodel/AppUsageViewModel.kt:351:22 Unresolved 
reference 'put'.
e: file:///C:/Users/hp/Downloads/FocusGuardian/focusguardian3/app/src/main/java
/com/example/focusguardian/viewmodel/AppUsageViewModel.kt:351:40 Unresolved 
reference 'label'.

> Task :app:compileDebugKotlin FAILED

> Task :app:compileReleaseKotlin
e: file:///C:/Users/hp/Downloads/FocusGuardian/focusguardian3/app/src/main/java
/com/example/focusguardian/kt/NavGraph.kt:111:48 No value passed for parameter 
'userViewModel'.
e: file:///C:/Users/hp/Downloads/FocusGuardian/focusguardian3/app/src/main/java
/com/example/focusguardian/ui/theme/screens/DashboardScreen.kt:52:27 
Unresolved reference 'userId'.
e: file:///C:/Users/hp/Downloads/FocusGuardian/focusguardian3/app/src/main/java
/com/example/focusguardian/ui/theme/screens/DashboardScreen.kt:52:35 Cannot 
infer type for this parameter. Please specify it explicitly.
e: file:///C:/Users/hp/Downloads/FocusGuardian/focusguardian3/app/src/main/java
/com/example/focusguardian/ui/theme/screens/DashboardScreen.kt:52:41 Cannot 
infer type for this parameter. Please specify it explicitly.
e: file:///C:/Users/hp/Downloads/FocusGuardian/focusguardian3/app/src/main/java
/com/example/focusguardian/ui/theme/screens/DashboardScreen.kt:136:55 
Unresolved reference 'TIME_USED'.
e: file:///C:/Users/hp/Downloads/FocusGuardian/focusguardian3/app/src/main/java
/com/example/focusguardian/ui/theme/screens/LoginScreen.kt:184:1 Syntax error: 
Expecting an element.
e: file:///C:/Users/hp/Downloads/FocusGuardian/focusguardian3/app/src/main/java
/com/example/focusguardian/ui/theme/screens/LoginScreen.kt:184:2 Syntax error: 
Unexpected tokens (use ';' to separate expressions on the same line).
e: file:///C:/Users/hp/Downloads/FocusGuardian/focusguardian3/app/src/main/java
/com/example/focusguardian/ui/theme/screens/LoginScreen.kt:185:1 Syntax error: 
Expecting an element.
e: file:///C:/Users/hp/Downloads/FocusGuardian/focusguardian3/app/src/main/java
/com/example/focusguardian/ui/theme/screens/LoginScreen.kt:185:4 Syntax error: 
Unexpected tokens (use ';' to separate expressions on the same line).
e: file:///C:/Users/hp/Downloads/FocusGuardian/focusguardian3/app/src/main/java
/com/example/focusguardian/ui/theme/screens/LoginScreen.kt:190:23 Unresolved 
reference 'Calendar'.
e: file:///C:/Users/hp/Downloads/FocusGuardian/focusguardian3/app/src/main/java
/com/example/focusguardian/ui/theme/screens/LoginScreen.kt:190:50 Unresolved 
reference 'Calendar'.
e: file:///C:/Users/hp/Downloads/FocusGuardian/focusguardian3/app/src/main/java
/com/example/focusguardian/ui/theme/screens/LoginScreen.kt:195:1 Syntax error: 
Expecting an element.
e: file:///C:/Users/hp/Downloads/FocusGuardian/focusguardian3/app/src/main/java
/com/example/focusguardian/ui/theme/screens/LoginScreen.kt:195:2 Syntax error: 
Unexpected tokens (use ';' to separate expressions on the same line).
e: file:///C:/Users/hp/Downloads/FocusGuardian/focusguardian3/app/src/main/java
/com/example/focusguardian/ui/theme/screens/LoginScreen.kt:218:1 Syntax error: 
Expecting an element.
e: file:///C:/Users/hp/Downloads/FocusGuardian/focusguardian3/app/src/main/java
/com/example/focusguardian/ui/theme/screens/LoginScreen.kt:218:2 Syntax error: 
Unexpected tokens (use ';' to separate expressions on the same line).
e: file:///C:/Users/hp/Downloads/FocusGuardian/focusguardian3/app/src/main/java
/com/example/focusguardian/ui/theme/screens/LoginScreen.kt:220:1 Syntax error: 
Expecting an element.
e: file:///C:/Users/hp/Downloads/FocusGuardian/focusguardian3/app/src/main/java
/com/example/focusguardian/ui/theme/screens/LoginScreen.kt:220:4 Syntax error: 
Unexpected tokens (use ';' to separate expressions on the same line).
e: file:///C:/Users/hp/Downloads/FocusGuardian/focusguardian3/app/src/main/java
/com/example/focusguardian/ui/theme/screens/LoginScreen.kt:222:1 Syntax error: 
Expecting an element.
e: file:///C:/Users/hp/Downloads/FocusGuardian/focusguardian3/app/src/main/java
/com/example/focusguardian/ui/theme/screens/LoginScreen.kt:222:2 Syntax error: 
Unexpected tokens (use ';' to separate expressions on the same line).
e: file:///C:/Users/hp/Downloads/FocusGuardian/focusguardian3/app/src/main/java
/com/example/focusguardian/ui/theme/screens/LoginScreen.kt:225:10 Syntax 
error: Unexpected tokens (use ';' to separate expressions on the same line).
e: file:///C:/Users/hp/Downloads/FocusGuardian/focusguardian3/app/src/main/java
/com/example/focusguardian/ui/theme/screens/LoginScreen.kt:226:9 Unresolved 
reference 'dismissButton'.
e: file:///C:/Users/hp/Downloads/FocusGuardian/focusguardian3/app/src/main/java
/com/example/focusguardian/ui/theme/screens/LoginScreen.kt:227:13 @Composable 
invocations can only happen from the context of a @Composable function
e: file:///C:/Users/hp/Downloads/FocusGuardian/focusguardian3/app/src/main/java
/com/example/focusguardian/ui/theme/screens/LoginScreen.kt:231:5 Syntax error: 
Expecting an element.
e: file:///C:/Users/hp/Downloads/FocusGuardian/focusguardian3/app/src/main/java
/com/example/focusguardian/ui/theme/screens/LoginScreen.kt:232:2 Syntax error: 
Expecting ')'.
e: file:///C:/Users/hp/Downloads/FocusGuardian/focusguardian3/app/src/main/java
/com/example/focusguardian/ui/theme/screens/SplashScreen.kt:58:1 Syntax error: 
Expecting an expression.
e: file:///C:/Users/hp/Downloads/FocusGuardian/focusguardian3/app/src/main/java
/com/example/focusguardian/ui/theme/screens/SplashScreen.kt:58:1 Syntax error: 
Expecting ')'.
e: file:///C:/Users/hp/Downloads/FocusGuardian/focusguardian3/app/src/main/java
/com/example/focusguardian/ui/theme/screens/SplashScreen.kt:58:2 Unresolved 
reference 'compareTo'.
e: file:///C:/Users/hp/Downloads/FocusGuardian/focusguardian3/app/src/main/java
/com/example/focusguardian/ui/theme/screens/SplashScreen.kt:58:3 Syntax error: 
Expecting an element.
e: file:///C:/Users/hp/Downloads/FocusGuardian/focusguardian3/app/src/main/java
/com/example/focusguardian/ui/theme/screens/SplashScreen.kt:58:5 Syntax error: 
Expecting an element.
e: file:///C:/Users/hp/Downloads/FocusGuardian/focusguardian3/app/src/main/java
/com/example/focusguardian/ui/theme/screens/SplashScreen.kt:58:7 Syntax error: 
Expecting an element.
e: file:///C:/Users/hp/Downloads/FocusGuardian/focusguardian3/app/src/main/java
/com/example/focusguardian/ui/theme/screens/SplashScreen.kt:58:9 Syntax error: 
Unexpected tokens (use ';' to separate expressions on the same line).
e: file:///C:/Users/hp/Downloads/FocusGuardian/focusguardian3/app/src/main/java
/com/example/focusguardian/ui/theme/screens/SplashScreen.kt:59:9 Unresolved 
reference 'modifier'.
e: file:///C:/Users/hp/Downloads/FocusGuardian/focusguardian3/app/src/main/java
/com/example/focusguardian/ui/theme/screens/SplashScreen.kt:61:14 None of the 
following candidates is applicable:
fun Modifier.background(brush: Brush, shape: Shape = ..., alpha: Float = ...): 
Modifier
fun Modifier.background(color: Color, shape: Shape = ...): Modifier
e: file:///C:/Users/hp/Downloads/FocusGuardian/focusguardian3/app/src/main/java
/com/example/focusguardian/ui/theme/screens/SplashScreen.kt:63:1 Syntax error: 
Expecting an expression.
e: file:///C:/Users/hp/Downloads/FocusGuardian/focusguardian3/app/src/main/java
/com/example/focusguardian/ui/theme/screens/SplashScreen.kt:63:1 Syntax error: 
Expecting ')'.
e: file:///C:/Users/hp/Downloads/FocusGuardian/focusguardian3/app/src/main/java
/com/example/focusguardian/ui/theme/screens/SplashScreen.kt:63:2 'operator' 
modifier is required on 'FirNamedFunctionSymbol kotlin/text/compareTo' in 
'compareTo'.
e: file:///C:/Users/hp/Downloads/FocusGuardian/focusguardian3/app/src/main/java
/com/example/focusguardian/ui/theme/screens/SplashScreen.kt:63:3 Syntax error: 
Expecting an element.
e: file:///C:/Users/hp/Downloads/FocusGuardian/focusguardian3/app/src/main/java
/com/example/focusguardian/ui/theme/screens/SplashScreen.kt:63:5 Syntax error: 
Expecting an element.
e: file:///C:/Users/hp/Downloads/FocusGuardian/focusguardian3/app/src/main/java
/com/example/focusguardian/ui/theme/screens/SplashScreen.kt:63:7 Syntax error: 
Expecting an element.
e: file:///C:/Users/hp/Downloads/FocusGuardian/focusguardian3/app/src/main/java
/com/example/focusguardian/ui/theme/screens/SplashScreen.kt:63:9 Unresolved 
reference 'HEAD'.
e: file:///C:/Users/hp/Downloads/FocusGuardian/focusguardian3/app/src/main/java
/com/example/focusguardian/ui/theme/screens/SplashScreen.kt:66:13 Syntax 
error: Expecting an element.
e: file:///C:/Users/hp/Downloads/FocusGuardian/focusguardian3/app/src/main/java
/com/example/focusguardian/ui/theme/screens/SplashScreen.kt:66:14 Syntax 
error: Unexpected tokens (use ';' to separate expressions on the same line).
e: file:///C:/Users/hp/Downloads/FocusGuardian/focusguardian3/app/src/main/java
/com/example/focusguardian/ui/theme/screens/SplashScreen.kt:67:9 Unresolved 
reference 'horizontalAlignment'.
e: file:///C:/Users/hp/Downloads/FocusGuardian/focusguardian3/app/src/main/java
/com/example/focusguardian/ui/theme/screens/SplashScreen.kt:67:59 Syntax 
error: Unexpected tokens (use ';' to separate expressions on the same line).
e: file:///C:/Users/hp/Downloads/FocusGuardian/focusguardian3/app/src/main/java
/com/example/focusguardian/ui/theme/screens/SplashScreen.kt:68:9 Unresolved 
reference 'verticalArrangement'.
e: file:///C:/Users/hp/Downloads/FocusGuardian/focusguardian3/app/src/main/java
/com/example/focusguardian/ui/theme/screens/SplashScreen.kt:69:5 Syntax error: 
Expecting an element.
e: file:///C:/Users/hp/Downloads/FocusGuardian/focusguardian3/app/src/main/java
/com/example/focusguardian/ui/theme/screens/SplashScreen.kt:71:9 Unresolved 
reference 'Spacer'.
e: file:///C:/Users/hp/Downloads/FocusGuardian/focusguardian3/app/src/main/java
/com/example/focusguardian/ui/theme/screens/SplashScreen.kt:71:25 Unresolved 
reference 'height'.
e: file:///C:/Users/hp/Downloads/FocusGuardian/focusguardian3/app/src/main/java
/com/example/focusguardian/ui/theme/screens/SplashScreen.kt:73:9 @Composable 
invocations can only happen from the context of a @Composable function
e: file:///C:/Users/hp/Downloads/FocusGuardian/focusguardian3/app/src/main/java
/com/example/focusguardian/ui/theme/screens/SplashScreen.kt:79:13 Unresolved 
reference 'Spacer'.
e: file:///C:/Users/hp/Downloads/FocusGuardian/focusguardian3/app/src/main/java
/com/example/focusguardian/ui/theme/screens/SplashScreen.kt:79:29 Unresolved 
reference 'height'.
e: file:///C:/Users/hp/Downloads/FocusGuardian/focusguardian3/app/src/main/java
/com/example/focusguardian/ui/theme/screens/SplashScreen.kt:84:9 Unresolved 
reference 'Button'.
e: file:///C:/Users/hp/Downloads/FocusGuardian/focusguardian3/app/src/main/java
/com/example/focusguardian/ui/theme/screens/SplashScreen.kt:85:23 Unresolved 
reference 'onGetStarted'.
e: file:///C:/Users/hp/Downloads/FocusGuardian/focusguardian3/app/src/main/java
/com/example/focusguardian/ui/theme/screens/SplashScreen.kt:87:18 Unresolved 
reference 'fillMaxWidth'.
e: file:///C:/Users/hp/Downloads/FocusGuardian/focusguardian3/app/src/main/java
/com/example/focusguardian/ui/theme/screens/SplashScreen.kt:90:13 @Composable 
invocations can only happen from the context of a @Composable function
e: file:///C:/Users/hp/Downloads/FocusGuardian/focusguardian3/app/src/main/java
/com/example/focusguardian/ui/theme/screens/SplashScreen.kt:91:1 Syntax error: 
Expecting an element.
e: file:///C:/Users/hp/Downloads/FocusGuardian/focusguardian3/app/src/main/java
/com/example/focusguardian/ui/theme/screens/SplashScreen.kt:91:4 Syntax error: 
Unexpected tokens (use ';' to separate expressions on the same line).
e: file:///C:/Users/hp/Downloads/FocusGuardian/focusguardian3/app/src/main/java
/com/example/focusguardian/ui/theme/screens/SplashScreen.kt:96:17 Syntax 
error: Expecting an element.
e: file:///C:/Users/hp/Downloads/FocusGuardian/focusguardian3/app/src/main/java
/com/example/focusguardian/ui/theme/screens/SplashScreen.kt:97:13 Syntax 
error: Expecting an element.
e: file:///C:/Users/hp/Downloads/FocusGuardian/focusguardian3/app/src/main/java
/com/example/focusguardian/ui/theme/screens/SplashScreen.kt:97:14 Syntax 
error: Unexpected tokens (use ';' to separate expressions on the same line).
e: file:///C:/Users/hp/Downloads/FocusGuardian/focusguardian3/app/src/main/java
/com/example/focusguardian/ui/theme/screens/SplashScreen.kt:98:9 Unresolved 
reference 'contentAlignment'.
e: file:///C:/Users/hp/Downloads/FocusGuardian/focusguardian3/app/src/main/java
/com/example/focusguardian/ui/theme/screens/SplashScreen.kt:99:5 Syntax error: 
Expecting an element.
e: file:///C:/Users/hp/Downloads/FocusGuardian/focusguardian3/app/src/main/java
/com/example/focusguardian/ui/theme/screens/SplashScreen.kt:100:9 @Composable 
invocations can only happen from the context of a @Composable function
e: file:///C:/Users/hp/Downloads/FocusGuardian/focusguardian3/app/src/main/java
/com/example/focusguardian/ui/theme/screens/SplashScreen.kt:123:1 Syntax 
error: Expecting an element.
e: file:///C:/Users/hp/Downloads/FocusGuardian/focusguardian3/app/src/main/java
/com/example/focusguardian/ui/theme/screens/SplashScreen.kt:123:2 Syntax 
error: Unexpected tokens (use ';' to separate expressions on the same line).
e: file:///C:/Users/hp/Downloads/FocusGuardian/focusguardian3/app/src/main/java
/com/example/focusguardian/ui/theme/screens/SplashScreen.kt:126:2 Syntax 
error: Expecting '}'.
e: file:///C:/Users/hp/Downloads/FocusGuardian/focusguardian3/app/src/main/java
/com/example/focusguardian/viewmodel/AppUsageViewModel.kt:88:44 Unresolved 
reference 'label'.
e: file:///C:/Users/hp/Downloads/FocusGuardian/focusguardian3/app/src/main/java
/com/example/focusguardian/viewmodel/AppUsageViewModel.kt:89:79 Unresolved 
reference 'label'.
e: file:///C:/Users/hp/Downloads/FocusGuardian/focusguardian3/app/src/main/java
/com/example/focusguardian/viewmodel/AppUsageViewModel.kt:317:17 No parameter 
with name 'packageName' found.
e: file:///C:/Users/hp/Downloads/FocusGuardian/focusguardian3/app/src/main/java
/com/example/focusguardian/viewmodel/AppUsageViewModel.kt:318:17 No parameter 
with name 'label' found.
e: file:///C:/Users/hp/Downloads/FocusGuardian/focusguardian3/app/src/main/java
/com/example/focusguardian/viewmodel/AppUsageViewModel.kt:320:17 No value 
passed for parameter 'name'.
e: file:///C:/Users/hp/Downloads/FocusGuardian/focusguardian3/app/src/main/java
/com/example/focusguardian/viewmodel/AppUsageViewModel.kt:350:46 Unresolved 
reference 'packageName'.
e: file:///C:/Users/hp/Downloads/FocusGuardian/focusguardian3/app/src/main/java
/com/example/focusguardian/viewmodel/AppUsageViewModel.kt:351:22 Unresolved 
reference 'put'.
e: file:///C:/Users/hp/Downloads/FocusGuardian/focusguardian3/app/src/main/java
/com/example/focusguardian/viewmodel/AppUsageViewModel.kt:351:40 Unresolved 
reference 'label'.

> Task :app:compileReleaseKotlin FAILED
> Task :app:mergeExtDexDebug
> Task :app:mergeExtDexRelease

FAILURE: Build completed with 2 failures.

1: Task failed with an exception.
-----------
* What went wrong:
Execution failed for task ':app:compileDebugKotlin'.
> A failure occurred while executing org.jetbrains.kotlin.compilerRunner.Gradle
CompilerRunnerWithWorkers$GradleKotlinCompilerWorkAction
   > Compilation error. See log for more details

* Try:
> Run with --stacktrace option to get the stack trace.
> Run with --info or --debug option to get more log output.
> Run with --scan to get full insights.
> Get more help at https://help.gradle.org.
==============================================================================

2: Task failed with an exception.
-----------
* What went wrong:
Execution failed for task ':app:compileReleaseKotlin'.
> A failure occurred while executing org.jetbrains.kotlin.compilerRunner.Gradle
CompilerRunnerWithWorkers$GradleKotlinCompilerWorkAction
   > Compilation error. See log for more details

* Try:
> Run with --stacktrace option to get the stack trace.
> Run with --info or --debug option to get more log output.
71 actionable tasks: 70 executed, 1 up-to-date
> Run with --scan to get full insights.
> Get more help at https://help.gradle.org.
==============================================================================

BUILD FAILED in 55s
